// Jest Snapshot v1, https://goo.gl/fbAQLP

exports[`render Seats 1`] = `
<div>
  <div
    class="seats"
  >
    <header
      class="floorName"
    >
      1층 좌측
    </header>
    <main
      class="seatTable"
    >
      <div
        class="row"
      >
        <div
          class="blank"
        />
        <a
          href="#/Login"
        >
          <div
            class="seat"
          >
            1
          </div>
        </a>
        <a
          href="#/Login"
        >
          <div
            class="seat"
          >
            2
          </div>
        </a>
        <a
          href="#/Login"
        >
          <div
            class="seat"
          >
            3
          </div>
        </a>
        <a
          href="#/Login"
        >
          <div
            class="seat"
          >
            4
          </div>
        </a>
      </div>
      <div
        class="row"
      >
        <a
          href="#/Login"
        >
          <div
            class="seat"
          >
            5
          </div>
        </a>
        <div
          class="blank"
        />
        <div
          class="blank"
        />
        <div
          class="blank"
        />
        <div
          class="blank"
        />
      </div>
      <div
        class="row"
      >
        <a
          href="#/Login"
        >
          <div
            class="seat"
          >
            6
          </div>
        </a>
        <div
          class="blank"
        />
        <a
          href="#/Login"
        >
          <div
            class="seat"
          >
            7
          </div>
        </a>
        <a
          href="#/Login"
        >
          <div
            class="seat"
          >
            8
          </div>
        </a>
        <a
          href="#/Login"
        >
          <div
            class="seat"
          >
            9
          </div>
        </a>
      </div>
    </main>
    <a
      href="#/"
    >
      <div
        class="back btn"
      >
        메인메뉴
      </div>
    </a>
  </div>
</div>
`;
